python.exe : c:\software\project\Rhizome\test_offline.py:14: LangChainDeprecati
onWarning: The class `HuggingFaceEmbeddings` was deprecated in LangChain 0.2.2 
and will be removed in 1.0. An updated version of the class exists in the `lang
chain-huggingface package and should be used instead. To use it run `pip instal
l -U `langchain-huggingface` and import as `from `langchain_huggingface import 
HuggingFaceEmbeddings``.
所在位置 行:1 字符: 1
+ & c:/software/project/Rhizome/.venv/Scripts/python.exe c:/software/pr ...
+ ~~~~~~~~~~~~~~~~~~~~~~~~~~~~~~~~~~~~~~~~~~~~~~~~~~~~~~~~~~~~~~~~~~~~~
    + CategoryInfo          : NotSpecified: (c:\software\pro...ceEmbeddings``. 
   :String) [], RemoteException
    + FullyQualifiedErrorId : NativeCommandError
 
  embeddings = HuggingFaceEmbeddings(
Step 1: Setting HF_HUB_OFFLINE=1
Step 2: Importing dependencies...
Step 3: Importing HuggingFaceEmbeddings (after setting offline mode)...
Step 4: Creating embeddings...
Step 5: Testing embeddings...
Traceback (most recent call last):
  File "c:\software\project\Rhizome\test_offline.py", line 24, in <module>
    print(f"\u2713 Success! Embedding dimension: {len(result)}")
UnicodeEncodeError: 'gbk' codec can't encode character '\u2713' in position 0: 
illegal multibyte sequence
